// Jest Snapshot v1, https://goo.gl/fbAQLP

exports[`<Maps /> renders correctly 1`] = `
<DocumentFragment>
  <div
    class="mapsArea"
  >
    <div
      class="loader"
    />
  </div>
</DocumentFragment>
`;
